// Jest Snapshot v1, https://goo.gl/fbAQLP

exports[`Testing Input FIeld Should have a class banner 1`] = `
<div
  className="banner  col-md-12"
>
  <h1
    className="col-md-12"
  >
     SCHOLAR   
  </h1>
  <span
    className="header-skirting"
  >
    School Management System  v1.0 beta
  </span>
</div>
`;

exports[`Testing Input FIeld should  render correctly 1`] = `
<div
  className="banner  col-md-12"
>
  <h1
    className="col-md-12"
  >
     SCHOLAR   
  </h1>
  <span
    className="header-skirting"
  >
    School Management System  v1.0 beta
  </span>
</div>
`;
